--------- beginning of crash
07-04 14:27:04.172  1208  1208 I emdlogger: mtk-brm-commit-id:404f05f48537d1250a86f56f0c3cc78bb81f72f6
07-04 14:27:04.173  1208  1208 I emdlogger: mtk-brm-change-id:I6afe606aa6a21dad7f79560b154220d5ade63e14
07-04 14:27:04.173  1208  1208 I emdlogger: mtk-brm-merge-id:none
07-04 14:27:04.251  1127  1127 I libimsma_adapt: mtk-brm-commit-id:08c165c9fffde5e436e743d3aa5d9496d79cbc21
07-04 14:27:04.251  1127  1127 I libimsma_adapt: mtk-brm-change-id:I5d32ca5715dae8f0bcd34ce3d65cbe31e750f432
07-04 14:27:04.251  1127  1127 I libimsma_adapt: mtk-brm-merge-id:none
07-04 15:58:22.284   530   530 F libc    : crash_dump helper failed to exec, or was killed
07-05 23:53:44.234 19692 19692 E AndroidRuntime: FATAL EXCEPTION: main
07-05 23:53:44.234 19692 19692 E AndroidRuntime: Process: com.example.kotlinroomdatabase, PID: 19692
07-05 23:53:44.234 19692 19692 E AndroidRuntime: java.lang.IllegalStateException: Fragment EditGradeBottomSheet{d82cf8b} (fc5414ea-6aad-45a0-aace-4df00da22523) not attached to a context.
07-05 23:53:44.234 19692 19692 E AndroidRuntime: 	at androidx.fragment.app.Fragment.requireContext(Fragment.java:977)
07-05 23:53:44.234 19692 19692 E AndroidRuntime: 	at com.example.kotlinroomdatabase.fragments.grades.EditGradeBottomSheet$loadGradeItems$1.invokeSuspend(EditGradeBottomSheet.kt:114)
07-05 23:53:44.234 19692 19692 E AndroidRuntime: 	at kotlin.coroutines.jvm.internal.BaseContinuationImpl.resumeWith(ContinuationImpl.kt:34)
07-05 23:53:44.234 19692 19692 E AndroidRuntime: 	at kotlinx.coroutines.DispatchedTask.run(DispatchedTask.kt:98)
07-05 23:53:44.234 19692 19692 E AndroidRuntime: 	at android.os.Handler.handleCallback(Handler.java:958)
07-05 23:53:44.234 19692 19692 E AndroidRuntime: 	at android.os.Handler.dispatchMessage(Handler.java:99)
07-05 23:53:44.234 19692 19692 E AndroidRuntime: 	at android.os.Looper.loopOnce(Looper.java:243)
07-05 23:53:44.234 19692 19692 E AndroidRuntime: 	at android.os.Looper.loop(Looper.java:338)
07-05 23:53:44.234 19692 19692 E AndroidRuntime: 	at android.app.ActivityThread.main(ActivityThread.java:8470)
07-05 23:53:44.234 19692 19692 E AndroidRuntime: 	at java.lang.reflect.Method.invoke(Native Method)
07-05 23:53:44.234 19692 19692 E AndroidRuntime: 	at com.android.internal.os.RuntimeInit$MethodAndArgsCaller.run(RuntimeInit.java:600)
07-05 23:53:44.234 19692 19692 E AndroidRuntime: 	at com.android.internal.os.ZygoteInit.main(ZygoteInit.java:1064)
07-05 23:53:44.234 19692 19692 E AndroidRuntime: 	Suppressed: kotlinx.coroutines.internal.DiagnosticCoroutineContextException: [StandaloneCoroutine{Cancelling}@75737bd, Dispatchers.Main.immediate]
07-05 23:54:52.935 24842 24842 E AndroidRuntime: FATAL EXCEPTION: main
07-05 23:54:52.935 24842 24842 E AndroidRuntime: Process: com.example.kotlinroomdatabase, PID: 24842
07-05 23:54:52.935 24842 24842 E AndroidRuntime: java.lang.IllegalStateException: Fragment EditGradeBottomSheet{eb4d971} (baf12e6e-675e-4078-8a48-2f9191282e60) not attached to a context.
07-05 23:54:52.935 24842 24842 E AndroidRuntime: 	at androidx.fragment.app.Fragment.requireContext(Fragment.java:977)
07-05 23:54:52.935 24842 24842 E AndroidRuntime: 	at com.example.kotlinroomdatabase.fragments.grades.EditGradeBottomSheet$loadGradeItems$1.invokeSuspend(EditGradeBottomSheet.kt:114)
07-05 23:54:52.935 24842 24842 E AndroidRuntime: 	at kotlin.coroutines.jvm.internal.BaseContinuationImpl.resumeWith(ContinuationImpl.kt:34)
07-05 23:54:52.935 24842 24842 E AndroidRuntime: 	at kotlinx.coroutines.DispatchedTask.run(DispatchedTask.kt:98)
07-05 23:54:52.935 24842 24842 E AndroidRuntime: 	at android.os.Handler.handleCallback(Handler.java:958)
07-05 23:54:52.935 24842 24842 E AndroidRuntime: 	at android.os.Handler.dispatchMessage(Handler.java:99)
07-05 23:54:52.935 24842 24842 E AndroidRuntime: 	at android.os.Looper.loopOnce(Looper.java:243)
07-05 23:54:52.935 24842 24842 E AndroidRuntime: 	at android.os.Looper.loop(Looper.java:338)
07-05 23:54:52.935 24842 24842 E AndroidRuntime: 	at android.app.ActivityThread.main(ActivityThread.java:8470)
07-05 23:54:52.935 24842 24842 E AndroidRuntime: 	at java.lang.reflect.Method.invoke(Native Method)
07-05 23:54:52.935 24842 24842 E AndroidRuntime: 	at com.android.internal.os.RuntimeInit$MethodAndArgsCaller.run(RuntimeInit.java:600)
07-05 23:54:52.935 24842 24842 E AndroidRuntime: 	at com.android.internal.os.ZygoteInit.main(ZygoteInit.java:1064)
07-05 23:54:52.935 24842 24842 E AndroidRuntime: 	Suppressed: kotlinx.coroutines.internal.DiagnosticCoroutineContextException: [StandaloneCoroutine{Cancelling}@6080273, Dispatchers.Main.immediate]
07-06 00:03:47.960 10784 10784 E AndroidRuntime: FATAL EXCEPTION: main
07-06 00:03:47.960 10784 10784 E AndroidRuntime: Process: com.example.kotlinroomdatabase, PID: 10784
07-06 00:03:47.960 10784 10784 E AndroidRuntime: android.view.InflateException: Binary XML file line #76 in com.example.kotlinroomdatabase:layout/item_student_subject_accordion: Binary XML file line #76 in com.example.kotlinroomdatabase:layout/item_student_subject_accordion: Error inflating class <unknown>
07-06 00:03:47.960 10784 10784 E AndroidRuntime: Caused by: android.view.InflateException: Binary XML file line #76 in com.example.kotlinroomdatabase:layout/item_student_subject_accordion: Error inflating class <unknown>
07-06 00:03:47.960 10784 10784 E AndroidRuntime: Caused by: java.lang.reflect.InvocationTargetException
07-06 00:03:47.960 10784 10784 E AndroidRuntime: 	at java.lang.reflect.Constructor.newInstance0(Native Method)
07-06 00:03:47.960 10784 10784 E AndroidRuntime: 	at java.lang.reflect.Constructor.newInstance(Constructor.java:343)
07-06 00:03:47.960 10784 10784 E AndroidRuntime: 	at android.view.LayoutInflater.createView(LayoutInflater.java:866)
07-06 00:03:47.960 10784 10784 E AndroidRuntime: 	at android.view.LayoutInflater.createView(LayoutInflater.java:788)
07-06 00:03:47.960 10784 10784 E AndroidRuntime: 	at com.android.internal.policy.PhoneLayoutInflater.onCreateView(PhoneLayoutInflater.java:58)
07-06 00:03:47.960 10784 10784 E AndroidRuntime: 	at android.view.LayoutInflater.onCreateView(LayoutInflater.java:942)
07-06 00:03:47.960 10784 10784 E AndroidRuntime: 	at android.view.LayoutInflater.onCreateView(LayoutInflater.java:962)
07-06 00:03:47.960 10784 10784 E AndroidRuntime: 	at android.view.LayoutInflater.createViewFromTag(LayoutInflater.java:1018)
07-06 00:03:47.960 10784 10784 E AndroidRuntime: 	at android.view.LayoutInflater.createViewFromTag(LayoutInflater.java:973)
07-06 00:03:47.960 10784 10784 E AndroidRuntime: 	at android.view.LayoutInflater.rInflate(LayoutInflater.java:1152)
07-06 00:03:47.960 10784 10784 E AndroidRuntime: 	at android.view.LayoutInflater.rInflateChildren(LayoutInflater.java:1113)
07-06 00:03:47.960 10784 10784 E AndroidRuntime: 	at android.view.LayoutInflater.inflate(LayoutInflater.java:694)
07-06 00:03:47.960 10784 10784 E AndroidRuntime: 	at android.view.LayoutInflater.inflate(LayoutInflater.java:538)
07-06 00:03:47.960 10784 10784 E AndroidRuntime: 	at com.example.kotlinroomdatabase.fragments.grades.SubjectGradesAdapter.onCreateViewHolder(SubjectGradesAdapter.kt:33)
07-06 00:03:47.960 10784 10784 E AndroidRuntime: 	at com.example.kotlinroomdatabase.fragments.grades.SubjectGradesAdapter.onCreateViewHolder(SubjectGradesAdapter.kt:15)
07-06 00:03:47.960 10784 10784 E AndroidRuntime: 	at androidx.recyclerview.widget.RecyclerView$Adapter.createViewHolder(RecyclerView.java:7295)
07-06 00:03:47.960 10784 10784 E AndroidRuntime: 	at androidx.recyclerview.widget.RecyclerView$Recycler.tryGetViewHolderForPositionByDeadline(RecyclerView.java:6416)
07-06 00:03:47.960 10784 10784 E AndroidRuntime: 	at androidx.recyclerview.widget.RecyclerView$Recycler.getViewForPosition(RecyclerView.java:6300)
07-06 00:03:47.960 10784 10784 E AndroidRuntime: 	at androidx.recyclerview.widget.RecyclerView$Recycler.getViewForPosition(RecyclerView.java:6296)
07-06 00:03:47.960 10784 10784 E AndroidRuntime: 	at androidx.recyclerview.widget.LinearLayoutManager$LayoutState.next(LinearLayoutManager.java:2330)
07-06 00:03:47.960 10784 10784 E AndroidRuntime: 	at androidx.recyclerview.widget.LinearLayoutManager.layoutChunk(LinearLayoutManager.java:1631)
07-06 00:03:47.960 10784 10784 E AndroidRuntime: 	at androidx.recyclerview.widget.LinearLayoutManager.fill(LinearLayoutManager.java:1591)
07-06 00:03:47.960 10784 10784 E AndroidRuntime: 	at androidx.recyclerview.widget.LinearLayoutManager.onLayoutChildren(LinearLayoutManager.java:668)
07-06 00:03:47.960 10784 10784 E AndroidRuntime: 	at androidx.recyclerview.widget.RecyclerView.dispatchLayoutStep2(RecyclerView.java:4309)
07-06 00:03:47.960 10784 10784 E AndroidRuntime: 	at androidx.recyclerview.widget.RecyclerView.dispatchLayout(RecyclerView.java:4012)
07-06 00:03:47.960 10784 10784 E AndroidRuntime: 	at androidx.recyclerview.widget.RecyclerView.onLayout(RecyclerView.java:4578)
07-06 00:03:47.960 10784 10784 E AndroidRuntime: 	at android.view.View.layout(View.java:24610)
07-06 00:03:47.960 10784 10784 E AndroidRuntime: 	at android.view.ViewGroup.layout(ViewGroup.java:6551)
07-06 00:03:47.960 10784 10784 E AndroidRuntime: 	at android.widget.LinearLayout.setChildFrame(LinearLayout.java:1891)
07-06 00:03:47.960 10784 10784 E AndroidRuntime: 	at android.widget.LinearLayout.layoutVertical(LinearLayout.java:1729)
07-06 00:03:47.960 10784 10784 E AndroidRuntime: 	at android.widget.LinearLayout.onLayout(LinearLayout.java:1638)
07-06 00:03:47.960 10784 10784 E AndroidRuntime: 	at android.view.View.layout(View.java:24610)
07-06 00:03:47.960 10784 10784 E AndroidRuntime: 	at android.view.ViewGroup.layout(ViewGroup.java:6551)
07-06 00:03:47.960 10784 10784 E AndroidRuntime: 	at android.widget.FrameLayout.layoutChildren(FrameLayout.java:332)
07-06 00:03:47.960 10784 10784 E AndroidRuntime: 	at android.widget.FrameLayout.onLayout(FrameLayout.java:270)
07-06 00:03:47.960 10784 10784 E AndroidRuntime: 	at android.view.View.layout(View.java:24610)
07-06 00:03:47.960 10784 10784 E AndroidRuntime: 	at android.view.ViewGroup.layout(ViewGroup.java:6551)
07-06 00:03:47.960 10784 10784 E AndroidRuntime: 	at android.widget.FrameLayout.layoutChildren(FrameLayout.java:332)
07-06 00:03:47.960 10784 10784 E AndroidRuntime: 	at android.widget.FrameLayout.onLayout(FrameLayout.java:270)
07-06 00:03:47.960 10784 10784 E AndroidRuntime: 	at android.view.View.layout(View.java:24610)
07-06 00:03:47.960 10784 10784 E AndroidRuntime: 	at android.view.ViewGroup.layout(ViewGroup.java:6551)
07-06 00:03:47.960 10784 10784 E AndroidRuntime: 	at androidx.constraintlayout.widget.ConstraintLayout.onLayout(ConstraintLayout.java:1961)
07-06 00:03:47.960 10784 10784 E AndroidRuntime: 	at android.view.View.layout(View.java:24610)
07-06 00:03:47.960 10784 10784 E AndroidRuntime: 	at android.view.ViewGroup.layout(ViewGroup.java:6551)
07-06 00:03:47.960 10784 10784 E AndroidRuntime: 	at androidx.drawerlayout.widget.DrawerLayout.onLayout(DrawerLayout.java:1263)
07-06 00:03:47.960 10784 10784 E AndroidRuntime: 	at android.view.View.layout(View.java:24610)
07-06 00:03:47.960 10784 10784 E AndroidRuntime: 	at android.view.ViewGroup.layout(ViewGroup.java:6551)
07-06 00:03:47.960 10784 10784 E AndroidRuntime: 	at android.widget.FrameLayout.layoutChildren(FrameLayout.java:332)
07-06 00:03:47.960 10784 10784 E AndroidRuntime: 	at android.widget.FrameLayout.onLayout(FrameLayout.java:270)
07-06 00:03:47.960 10784 10784 E AndroidRuntime: 	at android.view.View.layout(View.java:24610)
07-06 00:03:47.960 10784 10784 E AndroidRuntime: 	at android.view.ViewGroup.layout(ViewGroup.java:6551)
07-06 00:03:47.960 10784 10784 E AndroidRuntime: 	at android.widget.LinearLayout.setChildFrame(LinearLayout.java:1891)
07-06 00:03:47.960 10784 10784 E AndroidRuntime: 	at android.widget.LinearLayout.layoutVertical(LinearLayout.java:1729)
07-06 00:03:47.960 10784 10784 E AndroidRuntime: 	at android.widget.LinearLayout.onLayout(LinearLayout.java:1638)
07-06 00:03:47.960 10784 10784 E AndroidRuntime: 	at android.view.View.layout(View.java:24610)
07-06 00:03:47.960 10784 10784 E AndroidRuntime: 	at android.view.ViewGroup.layout(ViewGroup.java:6551)
07-06 00:03:47.960 10784 10784 E AndroidRuntime: 	at android.widget.FrameLayout.layoutChildren(FrameLayout.java:332)
07-06 00:03:47.960 10784 10784 E AndroidRuntime: 	at android.widget.FrameLayout.onLayout(FrameLayout.java:270)
07-06 00:03:47.960 10784 10784 E AndroidRuntime: 	at android.view.View.layout(View.java:24610)
07-06 00:03:47.960 10784 10784 E AndroidRuntime: 	at android.view.ViewGroup.layout(ViewGroup.java:6551)
07-06 00:03:47.960 10784 10784 E AndroidRuntime: 	at android.widget.LinearLayout.setChildFrame(LinearLayout.java:1891)
07-06 00:03:47.960 10784 10784 E AndroidRuntime: 	at android.widget.LinearLayout.layoutVertical(LinearLayout.java:1729)
07-06 00:03:47.960 10784 10784 E AndroidRuntime: 	at android.widget.LinearLayout.onLayout(LinearLayout.java:1638)
07-06 00:03:47.960 10784 10784 E AndroidRuntime: 	at android.view.View.layout(View.java:24610)
07-06 00:03:47.960 10784 10784 E AndroidRuntime: 	at android.view.ViewGroup.layout(ViewGroup.java:6551)
07-06 00:03:47.960 10784 10784 E AndroidRuntime: 	at android.widget.FrameLayout.layoutChildren(FrameLayout.java:332)
07-06 00:03:47.960 10784 10784 E AndroidRuntime: 	at android.widget.FrameLayout.onLayout(FrameLayout.java:270)
07-06 00:03:47.960 10784 10784 E AndroidRuntime: 	at com.android.internal.policy.DecorView.onLayout(DecorView.java:812)
07-06 00:03:47.960 10784 10784 E AndroidRuntime: 	at android.view.View.layout(View.java:24610)
07-06 00:03:47.960 10784 10784 E AndroidRuntime: 	at android.view.ViewGroup.layout(ViewGroup.java:6551)
07-06 00:03:47.960 10784 10784 E AndroidRuntime: 	at android.view.ViewRootImpl.performLayout(ViewRootImpl.java:4546)
07-06 00:03:47.960 10784 10784 E AndroidRuntime: 	at android.view.ViewRootImpl.performTraversals(ViewRootImpl.java:3846)
07-06 00:03:47.960 10784 10784 E AndroidRuntime: 	at android.view.ViewRootImpl.doTraversal(ViewRootImpl.java:2690)
07-06 00:03:47.960 10784 10784 E AndroidRuntime: 	at android.view.ViewRootImpl$TraversalRunnable.run(ViewRootImpl.java:9901)
07-06 00:03:47.960 10784 10784 E AndroidRuntime: 	at android.view.Choreographer$CallbackRecord.run(Choreographer.java:1506)
07-06 00:03:47.960 10784 10784 E AndroidRuntime: 	at android.view.Choreographer$CallbackRecord.run(Choreographer.java:1515)
07-06 00:03:47.960 10784 10784 E AndroidRuntime: 	at android.view.Choreographer.doCallbacks(Choreographer.java:1085)
07-06 00:03:47.960 10784 10784 E AndroidRuntime: 	at android.view.Choreographer.doFrame(Choreographer.java:977)
07-06 00:03:47.960 10784 10784 E AndroidRuntime: 	at android.view.Choreographer$FrameDisplayEventReceiver.run(Choreographer.java:1489)
07-06 00:03:47.960 10784 10784 E AndroidRuntime: 	at android.os.Handler.handleCallback(Handler.java:958)
07-06 00:03:47.960 10784 10784 E AndroidRuntime: 	at android.os.Handler.dispatchMessage(Handler.java:99)
07-06 00:03:47.960 10784 10784 E AndroidRuntime: 	at android.os.Looper.loopOnce(Looper.java:243)
07-06 00:03:47.960 10784 10784 E AndroidRuntime: 	at android.os.Looper.loop(Looper.java:338)
07-06 00:03:47.960 10784 10784 E AndroidRuntime: 	at android.app.ActivityThread.main(ActivityThread.java:8470)
07-06 00:03:47.960 10784 10784 E AndroidRuntime: 	at java.lang.reflect.Method.invoke(Native Method)
07-06 00:03:47.960 10784 10784 E AndroidRuntime: 	at com.android.internal.os.RuntimeInit$MethodAndArgsCaller.run(RuntimeInit.java:600)
07-06 00:03:47.960 10784 10784 E AndroidRuntime: 	at com.android.internal.os.ZygoteInit.main(ZygoteInit.java:1064)
07-06 00:03:47.960 10784 10784 E AndroidRuntime: Caused by: java.lang.UnsupportedOperationException: Failed to resolve attribute at index 13: TypedValue{t=0x2/d=0x7f03013d a=-1}, theme={InheritanceMap=[id=0x7f130272com.example.kotlinroomdatabase:style/Theme.KotlinRoomDatabase, id=0x7f1302a3com.example.kotlinroomdatabase:style/Theme.MaterialComponents.DayNight.NoActionBar, id=0x7f1302becom.example.kotlinroomdatabase:style/Theme.MaterialComponents.NoActionBar, id=0x7f130291com.example.kotlinroomdatabase:style/Theme.MaterialComponents, id=0x7f130064com.example.kotlinroomdatabase:style/Base.Theme.MaterialComponents, id=0x7f1300a3com.example.kotlinroomdatabase:style/Base.V21.Theme.MaterialComponents, id=0x7f130090com.example.kotlinroomdatabase:style/Base.V14.Theme.MaterialComponents, id=0x7f130091com.example.kotlinroomdatabase:style/Base.V14.Theme.MaterialComponents.Bridge, id=0x7f130143com.example.kotlinroomdatabase:style/Platform.MaterialComponents, id=0x7f130256com.example.kotlinroomdatabase:style/Theme.AppCompat, id=0x7f13004acom.example.kotlinroomdatabase:style/Base.Theme.AppCompat, id=0x7f1300b5com.example.kotlinroomdatabase:style/Base.V28.Theme.AppCompat, id=0x7f1300b2com.example.kotlinroomdatabase:style/Base.V26.Theme.AppCompat, id=0x7f1300accom.example.kotlinroomdatabase:style/Base.V23.Theme.AppCompat, id=0x7f1300aacom.example.kotlinroomdatabase:style/Base.V22.Theme.AppCompat, id=0x7f13009fcom.example.kotlinroomdatabase:style/Base.V21.Theme.AppCompat, id=0x7f1300b7com.example.kotlinroomdatabase:style/Base.V7.Theme.AppCompat, id=0x7f130141com.example.kotlinroomdatabase:style/Platform.AppCompat, id=0x7f13014ccom.example.kotlinroomdatabase:style/Platform.V25.AppCompat, id=0x103022eandroid:style/Theme.Material.NoActionBar, id=0x1030224android:style/Theme.Material, id=0x1030005android:style/Theme], Themes=[com.example.kotlinroomdatabase:style/Theme.KotlinRoomDatabase, forced, com.example.kotlinroomdatabase:style/Theme.AppCompat.Empty, forced, android:style/Theme.DeviceDefault.Light.DarkActionBar, forced]}
07-06 00:03:47.960 10784 10784 E AndroidRuntime: 	at android.content.res.TypedArray.getDrawableForDensity(TypedArray.java:1007)
07-06 00:03:47.960 10784 10784 E AndroidRuntime: 	at android.content.res.TypedArray.getDrawable(TypedArray.java:991)
07-06 00:03:47.960 10784 10784 E AndroidRuntime: 	at android.view.View.<init>(View.java:5720)
07-06 00:03:47.960 10784 10784 E AndroidRuntime: 	at android.view.ViewGroup.<init>(ViewGroup.java:708)
07-06 00:03:47.960 10784 10784 E AndroidRuntime: 	at android.widget.LinearLayout.<init>(LinearLayout.java:254)
07-06 00:03:47.960 10784 10784 E AndroidRuntime: 	at android.widget.LinearLayout.<init>(LinearLayout.java:250)
07-06 00:03:47.960 10784 10784 E AndroidRuntime: 	at android.widget.LinearLayout.<init>(LinearLayout.java:246)
07-06 00:03:47.960 10784 10784 E AndroidRuntime: 	... 87 more
